\BOOKMARK [1][-]{chapter*.2}{\376\377\000R\000E\000S\000U\000M\000E\000N}{}% 1
\BOOKMARK [1][-]{chapter*.3}{\376\377\000A\000B\000S\000T\000R\000A\000C\000T}{}% 2
\BOOKMARK [1][-]{chapter*.3}{\376\377\000C\000A\000P\000\315\000T\000U\000L\000O\000\040\000I}{}% 3
\BOOKMARK [0][-]{chapter.4}{\376\377\000I\000\040\000I\000N\000T\000R\000O\000D\000U\000C\000C\000I\000\323\000N}{}% 4
\BOOKMARK [1][-]{section.5}{\376\377\0001\000.\0001\000\040\000I\000n\000t\000r\000o\000d\000u\000c\000c\000i\000\363\000n}{chapter.4}% 5
\BOOKMARK [1][-]{section.5}{\376\377\000C\000A\000P\000\315\000T\000U\000L\000O\000\040\000I\000I}{chapter.4}% 6
\BOOKMARK [0][-]{chapter.6}{\376\377\000I\000I\000\040\000C\000O\000N\000T\000E\000X\000T\000O\000\040\000D\000E\000L\000\040\000P\000R\000O\000B\000L\000E\000M\000A}{}% 7
\BOOKMARK [1][-]{section.7}{\376\377\0002\000.\0001\000\040\000E\000l\000\040\000s\000i\000s\000t\000e\000m\000a\000\040\000E\000P\000S\000/\000I\000A\000F\000A\000S\000\040\000p\000e\000r\000u\000a\000n\000o}{chapter.6}% 8
\BOOKMARK [1][-]{section.8}{\376\377\0002\000.\0002\000\040\000E\000l\000\040\000p\000r\000o\000c\000e\000s\000o\000\040\000d\000e\000\040\000a\000u\000d\000i\000t\000o\000r\000\355\000a\000\040\000m\000\351\000d\000i\000c\000a}{chapter.6}% 9
\BOOKMARK [1][-]{section.9}{\376\377\0002\000.\0003\000\040\000C\000u\000a\000n\000t\000i\000f\000i\000c\000a\000c\000i\000\363\000n\000\040\000d\000e\000l\000\040\000p\000r\000o\000b\000l\000e\000m\000a}{chapter.6}% 10
\BOOKMARK [1][-]{section.11}{\376\377\0002\000.\0004\000\040\000S\000t\000a\000k\000e\000h\000o\000l\000d\000e\000r\000s}{chapter.6}% 11
\BOOKMARK [1][-]{section.13}{\376\377\0002\000.\0005\000\040\000A\000n\000t\000e\000c\000e\000d\000e\000n\000t\000e\000s\000\040\000y\000\040\000e\000s\000t\000a\000d\000o\000\040\000d\000e\000l\000\040\000a\000r\000t\000e}{chapter.6}% 12
\BOOKMARK [1][-]{section.13}{\376\377\000C\000A\000P\000\315\000T\000U\000L\000O\000\040\000I\000I\000I}{chapter.6}% 13
\BOOKMARK [0][-]{chapter.14}{\376\377\000I\000I\000I\000\040\000O\000B\000J\000E\000T\000I\000V\000O\000S\000\040\000D\000E\000L\000\040\000P\000R\000O\000Y\000E\000C\000T\000O}{}% 14
\BOOKMARK [1][-]{section.15}{\376\377\0003\000.\0001\000\040\000O\000b\000j\000e\000t\000i\000v\000o\000\040\000g\000e\000n\000e\000r\000a\000l}{chapter.14}% 15
\BOOKMARK [1][-]{section.16}{\376\377\0003\000.\0002\000\040\000O\000b\000j\000e\000t\000i\000v\000o\000s\000\040\000e\000s\000p\000e\000c\000\355\000f\000i\000c\000o\000s}{chapter.14}% 16
\BOOKMARK [1][-]{table.caption.17}{\376\377\000C\000A\000P\000\315\000T\000U\000L\000O\000\040\000I\000V}{chapter.14}% 17
\BOOKMARK [0][-]{chapter.18}{\376\377\000I\000V\000\040\000M\000A\000R\000C\000O\000\040\000M\000E\000T\000O\000D\000O\000L\000\323\000G\000I\000C\000O}{}% 18
\BOOKMARK [1][-]{section.19}{\376\377\0004\000.\0001\000\040\000L\000e\000a\000n\000\040\000S\000t\000a\000r\000t\000u\000p}{chapter.18}% 19
\BOOKMARK [1][-]{section.20}{\376\377\0004\000.\0002\000\040\000D\000a\000t\000a\000\040\000S\000c\000i\000e\000n\000c\000e\000\040\000L\000i\000f\000e\000c\000y\000c\000l\000e}{chapter.18}% 20
\BOOKMARK [1][-]{section.21}{\376\377\0004\000.\0003\000\040\000M\000L\000O\000p\000s}{chapter.18}% 21
\BOOKMARK [1][-]{section.22}{\376\377\0004\000.\0004\000\040\000I\000n\000t\000e\000g\000r\000a\000c\000i\000\363\000n\000\040\000d\000e\000\040\000l\000o\000s\000\040\000t\000r\000e\000s\000\040\000f\000r\000a\000m\000e\000w\000o\000r\000k\000s}{chapter.18}% 22
\BOOKMARK [1][-]{section.22}{\376\377\000C\000A\000P\000\315\000T\000U\000L\000O\000\040\000V}{chapter.18}% 23
\BOOKMARK [0][-]{chapter.23}{\376\377\000V\000\040\000A\000U\000T\000O\000D\000I\000A\000G\000N\000\323\000S\000T\000I\000C\000O\000\040\000I\000N\000I\000C\000I\000A\000L}{}% 24
\BOOKMARK [1][-]{section.24}{\376\377\0005\000.\0001\000\040\000H\000i\000p\000\363\000t\000e\000s\000i\000s\000\040\000d\000e\000\040\000p\000a\000r\000t\000i\000d\000a}{chapter.23}% 25
\BOOKMARK [1][-]{section.25}{\376\377\0005\000.\0002\000\040\000S\000u\000p\000u\000e\000s\000t\000o\000s\000\040\000n\000o\000\040\000v\000a\000l\000i\000d\000a\000d\000o\000s}{chapter.23}% 26
\BOOKMARK [1][-]{section.27}{\376\377\0005\000.\0003\000\040\000M\000a\000t\000r\000i\000z\000\040\000d\000e\000\040\000r\000i\000e\000s\000g\000o\000s}{chapter.23}% 27
\BOOKMARK [1][-]{table.caption.28}{\376\377\000C\000A\000P\000\315\000T\000U\000L\000O\000\040\000V\000I}{chapter.23}% 28
\BOOKMARK [0][-]{chapter.29}{\376\377\000V\000I\000\040\000D\000E\000F\000I\000N\000I\000C\000I\000\323\000N\000\040\000D\000E\000L\000\040\000M\000V\000P}{}% 29
\BOOKMARK [1][-]{section.30}{\376\377\0006\000.\0001\000\040\000D\000e\000c\000i\000s\000i\000\363\000n\000\040\000d\000e\000\040\000n\000e\000g\000o\000c\000i\000o}{chapter.29}% 30
\BOOKMARK [1][-]{section.31}{\376\377\0006\000.\0002\000\040\000U\000s\000u\000a\000r\000i\000o\000\040\000d\000e\000l\000\040\000M\000V\000P}{chapter.29}% 31
\BOOKMARK [1][-]{section.33}{\376\377\0006\000.\0003\000\040\000F\000l\000u\000j\000o\000\040\000e\000n\000d\000-\000t\000o\000-\000e\000n\000d}{chapter.29}% 32
\BOOKMARK [1][-]{section.34}{\376\377\0006\000.\0004\000\040\000A\000l\000c\000a\000n\000c\000e\000\040\000f\000u\000n\000c\000i\000o\000n\000a\000l\000\040\000y\000\040\000n\000o\000\040\000f\000u\000n\000c\000i\000o\000n\000a\000l}{chapter.29}% 33
\BOOKMARK [1][-]{section.37}{\376\377\0006\000.\0005\000\040\000C\000r\000i\000t\000e\000r\000i\000o\000s\000\040\000d\000e\000\040\000\351\000x\000i\000t\000o\000\040\000c\000u\000a\000n\000t\000i\000t\000a\000t\000i\000v\000o\000s}{chapter.29}% 34
\BOOKMARK [1][-]{section.38}{\376\377\0006\000.\0006\000\040\000E\000x\000c\000l\000u\000s\000i\000o\000n\000e\000s\000\040\000e\000x\000p\000l\000\355\000c\000i\000t\000a\000s}{chapter.29}% 35
\BOOKMARK [1][-]{section.38}{\376\377\000C\000A\000P\000\315\000T\000U\000L\000O\000\040\000V\000I\000I}{chapter.29}% 36
\BOOKMARK [0][-]{chapter.39}{\376\377\000V\000I\000I\000\040\000A\000R\000Q\000U\000I\000T\000E\000C\000T\000U\000R\000A\000\040\000D\000E\000\040\000L\000A\000\040\000S\000O\000L\000U\000C\000I\000\323\000N}{}% 37
\BOOKMARK [1][-]{section.40}{\376\377\0007\000.\0001\000\040\000V\000i\000s\000i\000\363\000n\000\040\000g\000e\000n\000e\000r\000a\000l\000:\000\040\000p\000i\000p\000e\000l\000i\000n\000e\000\040\000d\000e\000\040\000d\000o\000s\000\040\000f\000a\000s\000e\000s}{chapter.39}% 38
\BOOKMARK [1][-]{section.44}{\376\377\0007\000.\0002\000\040\000I\000n\000g\000e\000s\000t\000a\000\040\000y\000\040\000n\000o\000r\000m\000a\000l\000i\000z\000a\000c\000i\000\363\000n}{chapter.39}% 39
\BOOKMARK [1][-]{section.45}{\376\377\0007\000.\0003\000\040\000I\000d\000e\000n\000t\000i\000t\000y\000\040\000V\000a\000u\000l\000t\000:\000\040\000p\000r\000o\000t\000e\000c\000c\000i\000\363\000n\000\040\000d\000e\000\040\000d\000a\000t\000o\000s\000\040\000p\000e\000r\000s\000o\000n\000a\000l\000e\000s}{chapter.39}% 40
\BOOKMARK [1][-]{section.46}{\376\377\0007\000.\0004\000\040\000F\000a\000s\000e\000\040\0001\000:\000\040\000m\000o\000t\000o\000r\000\040\000d\000e\000\040\000r\000e\000g\000l\000a\000s\000\040\000c\000o\000n\000t\000r\000a\000c\000t\000u\000a\000l\000e\000s}{chapter.39}% 41
\BOOKMARK [1][-]{section.47}{\376\377\0007\000.\0005\000\040\000F\000a\000s\000e\000\040\0002\000:\000\040\000e\000v\000a\000l\000u\000a\000c\000i\000\363\000n\000\040\000c\000l\000\355\000n\000i\000c\000a\000\040\000c\000o\000n\000\040\000L\000L\000M}{chapter.39}% 42
\BOOKMARK [1][-]{section.49}{\376\377\0007\000.\0006\000\040\000M\000o\000t\000o\000r\000\040\000d\000e\000\040\000d\000e\000c\000i\000s\000i\000\363\000n\000\040\000y\000\040\000r\000o\000u\000t\000i\000n\000g}{chapter.39}% 43
\BOOKMARK [1][-]{section.51}{\376\377\0007\000.\0007\000\040\000F\000r\000o\000n\000t\000-\000e\000n\000d\000\040\000d\000e\000l\000\040\000a\000u\000d\000i\000t\000o\000r}{chapter.39}% 44
\BOOKMARK [1][-]{section.53}{\376\377\0007\000.\0008\000\040\000S\000t\000a\000c\000k\000\040\000t\000e\000c\000n\000o\000l\000\363\000g\000i\000c\000o}{chapter.39}% 45
\BOOKMARK [1][-]{section.55}{\376\377\0007\000.\0009\000\040\000D\000e\000c\000i\000s\000i\000o\000n\000e\000s\000\040\000d\000e\000\040\000d\000i\000s\000e\000\361\000o\000\040\000y\000\040\000t\000r\000a\000d\000e\000-\000o\000f\000f\000s}{chapter.39}% 46
\BOOKMARK [1][-]{section.56}{\376\377\0007\000.\0001\0000\000\040\000R\000e\000s\000u\000l\000t\000a\000d\000o\000s\000\040\000p\000r\000e\000l\000i\000m\000i\000n\000a\000r\000e\000s\000\040\000y\000\040\000p\000r\000o\000y\000e\000c\000c\000i\000o\000n\000e\000s}{chapter.39}% 47
\BOOKMARK [1][-]{table.caption.57}{\376\377\000C\000A\000P\000\315\000T\000U\000L\000O\000\040\000V\000I\000I\000I}{chapter.39}% 48
\BOOKMARK [0][-]{chapter.58}{\376\377\000V\000I\000I\000I\000\040\000D\000E\000S\000A\000R\000R\000O\000L\000L\000O\000\040\000Y\000\040\000C\000O\000N\000S\000T\000R\000U\000C\000C\000I\000\323\000N}{}% 49
\BOOKMARK [1][-]{section.59}{\376\377\0008\000.\0001\000\040\000C\000r\000o\000n\000o\000l\000o\000g\000\355\000a\000\040\000d\000e\000\040\000d\000e\000s\000a\000r\000r\000o\000l\000l\000o}{chapter.58}% 50
\BOOKMARK [1][-]{section.61}{\376\377\0008\000.\0002\000\040\000D\000a\000t\000a\000s\000e\000t\000\040\000y\000\040\000p\000r\000e\000p\000a\000r\000a\000c\000i\000\363\000n}{chapter.58}% 51
\BOOKMARK [1][-]{section.62}{\376\377\0008\000.\0003\000\040\000C\000o\000n\000s\000t\000r\000u\000c\000c\000i\000\363\000n\000\040\000d\000e\000l\000\040\000G\000o\000l\000d\000e\000n\000\040\000S\000e\000t}{chapter.58}% 52
\BOOKMARK [1][-]{section.64}{\376\377\0008\000.\0004\000\040\000P\000r\000o\000c\000e\000s\000o\000\040\000d\000e\000\040\000b\000e\000n\000c\000h\000m\000a\000r\000k}{chapter.58}% 53
\BOOKMARK [1][-]{section.66}{\376\377\0008\000.\0005\000\040\000I\000t\000e\000r\000a\000c\000i\000o\000n\000e\000s\000\040\000d\000e\000\040\000p\000r\000o\000m\000p\000t\000\040\000e\000n\000g\000i\000n\000e\000e\000r\000i\000n\000g}{chapter.58}% 54
\BOOKMARK [1][-]{section.66}{\376\377\000C\000A\000P\000\315\000T\000U\000L\000O\000\040\000I\000X}{chapter.58}% 55
\BOOKMARK [0][-]{chapter.67}{\376\377\000I\000X\000\040\000M\000\311\000T\000R\000I\000C\000A\000\040\000P\000R\000I\000N\000C\000I\000P\000A\000L\000\040\000D\000E\000\040\000V\000A\000L\000I\000D\000A\000C\000I\000\323\000N}{}% 56
\BOOKMARK [1][-]{section.68}{\376\377\0009\000.\0001\000\040\000D\000e\000f\000i\000n\000i\000c\000i\000\363\000n}{chapter.67}% 57
\BOOKMARK [1][-]{section.69}{\376\377\0009\000.\0002\000\040\000M\000\351\000t\000r\000i\000c\000a\000s\000\040\000s\000e\000c\000u\000n\000d\000a\000r\000i\000a\000s}{chapter.67}% 58
\BOOKMARK [1][-]{section.70}{\376\377\0009\000.\0003\000\040\000M\000\351\000t\000o\000d\000o\000\040\000d\000e\000\040\000m\000e\000d\000i\000c\000i\000\363\000n}{chapter.67}% 59
\BOOKMARK [1][-]{section.70}{\376\377\000C\000A\000P\000\315\000T\000U\000L\000O\000\040\000X}{chapter.67}% 60
\BOOKMARK [0][-]{chapter.71}{\376\377\000X\000\040\000E\000V\000A\000L\000U\000A\000C\000I\000\323\000N\000\040\000D\000E\000\040\000R\000E\000S\000U\000L\000T\000A\000D\000O\000S}{}% 61
\BOOKMARK [1][-]{section.72}{\376\377\0001\0000\000.\0001\000\040\000R\000e\000s\000u\000l\000t\000a\000d\000o\000s\000\040\000d\000e\000l\000\040\000b\000e\000n\000c\000h\000m\000a\000r\000k}{chapter.71}% 62
\BOOKMARK [1][-]{section.76}{\376\377\0001\0000\000.\0002\000\040\000p\000i\000p\000e\000l\000i\000n\000e\000\040\000i\000n\000t\000e\000g\000r\000a\000d\000o}{chapter.71}% 63
\BOOKMARK [1][-]{section.81}{\376\377\0001\0000\000.\0003\000\040\000H\000a\000l\000l\000a\000z\000g\000o\000s\000\040\000c\000l\000\355\000n\000i\000c\000o\000s\000\040\000d\000e\000\040\000a\000l\000t\000o\000\040\000i\000m\000p\000a\000c\000t\000o}{chapter.71}% 64
\BOOKMARK [1][-]{section.82}{\376\377\0001\0000\000.\0004\000\040\000V\000a\000l\000i\000d\000a\000c\000i\000\363\000n\000\040\000c\000o\000n\000\040\000G\000o\000l\000d\000e\000n\000\040\000S\000e\000t}{chapter.71}% 65
\BOOKMARK [1][-]{section.83}{\376\377\0001\0000\000.\0005\000\040\000A\000n\000\341\000l\000i\000s\000i\000s\000\040\000d\000e\000\040\000c\000o\000s\000t\000o\000s}{chapter.71}% 66
\BOOKMARK [1][-]{section.85}{\376\377\0001\0000\000.\0006\000\040\000C\000u\000m\000p\000l\000i\000m\000i\000e\000n\000t\000o\000\040\000d\000e\000\040\000o\000b\000j\000e\000t\000i\000v\000o\000s}{chapter.71}% 67
\BOOKMARK [1][-]{table.caption.88}{\376\377\000C\000A\000P\000\315\000T\000U\000L\000O\000\040\000X\000I}{chapter.71}% 68
\BOOKMARK [0][-]{chapter.89}{\376\377\000X\000I\000\040\000L\000I\000M\000I\000T\000A\000C\000I\000O\000N\000E\000S\000\040\000Y\000\040\000R\000I\000E\000S\000G\000O\000S}{}% 69
\BOOKMARK [1][-]{section.90}{\376\377\0001\0001\000.\0001\000\040\000D\000a\000t\000a\000s\000e\000t}{chapter.89}% 70
\BOOKMARK [1][-]{section.91}{\376\377\0001\0001\000.\0002\000\040\000M\000o\000d\000e\000l\000o}{chapter.89}% 71
\BOOKMARK [1][-]{section.92}{\376\377\0001\0001\000.\0003\000\040\000O\000p\000e\000r\000a\000t\000i\000v\000a\000s}{chapter.89}% 72
\BOOKMARK [1][-]{section.93}{\376\377\0001\0001\000.\0004\000\040\000A\000d\000o\000p\000c\000i\000\363\000n}{chapter.89}% 73
\BOOKMARK [1][-]{section.94}{\376\377\0001\0001\000.\0005\000\040\000R\000e\000g\000u\000l\000a\000t\000o\000r\000i\000o\000s}{chapter.89}% 74
\BOOKMARK [1][-]{section.94}{\376\377\000C\000A\000P\000\315\000T\000U\000L\000O\000\040\000X\000I\000I}{chapter.89}% 75
\BOOKMARK [0][-]{chapter.95}{\376\377\000X\000I\000I\000\040\000A\000P\000R\000E\000N\000D\000I\000Z\000A\000J\000E\000S\000\040\000Y\000\040\000L\000E\000C\000C\000I\000O\000N\000E\000S}{}% 76
\BOOKMARK [1][-]{section.96}{\376\377\0001\0002\000.\0001\000\040\000T\000\351\000c\000n\000i\000c\000o\000s}{chapter.95}% 77
\BOOKMARK [1][-]{section.97}{\376\377\0001\0002\000.\0002\000\040\000M\000e\000t\000o\000d\000o\000l\000\363\000g\000i\000c\000o\000s}{chapter.95}% 78
\BOOKMARK [1][-]{section.98}{\376\377\0001\0002\000.\0003\000\040\000D\000e\000\040\000n\000e\000g\000o\000c\000i\000o}{chapter.95}% 79
\BOOKMARK [1][-]{section.98}{\376\377\000C\000A\000P\000\315\000T\000U\000L\000O\000\040\000X\000I\000I\000I}{chapter.95}% 80
\BOOKMARK [0][-]{chapter.99}{\376\377\000X\000I\000I\000I\000\040\000C\000O\000N\000C\000L\000U\000S\000I\000O\000N\000E\000S}{}% 81
\BOOKMARK [1][-]{section.100}{\376\377\0001\0003\000.\0001\000\040\000V\000a\000l\000i\000d\000a\000c\000i\000\363\000n\000\040\000P\000r\000e\000l\000i\000m\000i\000n\000a\000r\000\040\000d\000e\000l\000\040\000M\000V\000P}{chapter.99}% 82
\BOOKMARK [1][-]{section.101}{\376\377\0001\0003\000.\0002\000\040\000C\000o\000n\000t\000r\000i\000b\000u\000c\000i\000\363\000n}{chapter.99}% 83
\BOOKMARK [1][-]{section.102}{\376\377\0001\0003\000.\0003\000\040\000V\000i\000a\000b\000i\000l\000i\000d\000a\000d}{chapter.99}% 84
\BOOKMARK [1][-]{section.102}{\376\377\000C\000A\000P\000\315\000T\000U\000L\000O\000\040\000X\000I\000V}{chapter.99}% 85
\BOOKMARK [0][-]{chapter.103}{\376\377\000X\000I\000V\000\040\000T\000R\000A\000B\000A\000J\000O\000\040\000F\000U\000T\000U\000R\000O}{}% 86
\BOOKMARK [1][-]{section.104}{\376\377\0001\0004\000.\0001\000\040\000C\000o\000r\000t\000o\000\040\000p\000l\000a\000z\000o\000\040\000\050\0003\040\023\0006\000\040\000m\000e\000s\000e\000s\000\051}{chapter.103}% 87
\BOOKMARK [1][-]{section.105}{\376\377\0001\0004\000.\0002\000\040\000M\000e\000d\000i\000a\000n\000o\000\040\000p\000l\000a\000z\000o\000\040\000\050\0006\040\023\0001\0008\000\040\000m\000e\000s\000e\000s\000\051}{chapter.103}% 88
\BOOKMARK [1][-]{section.106}{\376\377\0001\0004\000.\0003\000\040\000L\000a\000r\000g\000o\000\040\000p\000l\000a\000z\000o}{chapter.103}% 89
\BOOKMARK [1][-]{section.106}{\376\377\000R\000E\000F\000E\000R\000E\000N\000C\000I\000A\000S\000\040\000B\000I\000B\000L\000I\000O\000G\000R\000\301\000F\000I\000C\000A\000S}{chapter.103}% 90
\BOOKMARK [1][-]{chapter*.107}{\376\377\000A\000N\000E\000X\000O\000S}{chapter.103}% 91
